Microsoft Windows [Version 10.0.19045.6216]
(c) Microsoft Corporation. All rights reserved.

C:\Users\IMRD>docker --version
Docker version 28.3.3, build 980b856

C:\Users\IMRD>docker pull hello-word
Using default tag: latest
Error response from daemon: pull access denied for hello-word, repository does not exist or may require 'docker login'

C:\Users\IMRD>docker pull hello-world
Using default tag: latest
latest: Pulling from library/hello-world
17eec7bbc9d7: Pull complete
Digest: sha256:a0dfb02aac212703bfcb339d77d47ec32c8706ff250850ecc0e19c8737b18567
Status: Downloaded newer image for hello-world:latest
docker.io/library/hello-world:latest

C:\Users\IMRD>docker images
REPOSITORY    TAG       IMAGE ID       CREATED       SIZE
hello-world   latest    a0dfb02aac21   3 weeks ago   20.3kB

C:\Users\IMRD>docker run hello-world

Hello from Docker!
This message shows that your installation appears to be working correctly.

To generate this message, Docker took the following steps:
 1. The Docker client contacted the Docker daemon.
 2. The Docker daemon pulled the "hello-world" image from the Docker Hub.
    (amd64)
 3. The Docker daemon created a new container from that image which runs the
    executable that produces the output you are currently reading.
 4. The Docker daemon streamed that output to the Docker client, which sent it
    to your terminal.

To try something more ambitious, you can run an Ubuntu container with:
 $ docker run -it ubuntu bash

Share images, automate workflows, and more with a free Docker ID:
 https://hub.docker.com/

For more examples and ideas, visit:
 https://docs.docker.com/get-started/


C:\Users\IMRD>docker ps -a
CONTAINER ID   IMAGE         COMMAND    CREATED         STATUS                     PORTS     NAMES
d2fdef31288d   hello-world   "/hello"   2 minutes ago   Exited (0) 2 minutes ago             heuristic_stonebraker

C:\Users\IMRD>docker rm d2fdef31288d21db296415bc5253c54101b9fc008acca98d01d4fd4e07da8b45
d2fdef31288d21db296415bc5253c54101b9fc008acca98d01d4fd4e07da8b45

C:\Users\IMRD>docker rmi sha256:a0dfb02aac212703bfcb339d77d47ec32c8706ff250850ecc0e19c8737b18567
Untagged: hello-world:latest
Deleted: sha256:a0dfb02aac212703bfcb339d77d47ec32c8706ff250850ecc0e19c8737b18567

C:\Users\IMRD>
